cargo :     Finished `test` profile [unoptimized + debuginfo] target(s) in 0.06s
Au caractère Ligne:1 : 1
+ cargo test --all 2>&1 | tee test_output.txt | Select-String "test res ...
+ ~~~~~~~~~~~~~~~~~~~~~
    + CategoryInfo          : NotSpecified: (    Finished `t...get(s) in 0.06s:String) [], RemoteException
    + FullyQualifiedErrorId : NativeCommandError
 
     Running unittests src\main.rs (target\debug\deps\liveshark-994fe998345c4536.exe)

running 1 test
test tests::missing_report_output_is_an_error ... ok

test result: ok. 1 passed; 0 failed; 0 ignored; 0 measured; 0 filtered out; finished in 0.00s

     Running tests\cli.rs (target\debug\deps\cli-d8744a820725bd91.exe)

running 22 tests
test follow_list_violations_is_not_repeated ... ok
test follow_list_violations_is_silent_when_empty ... ok
test pcap_info_outputs_path_and_packets ... ok
test stdout_outputs_json ... ok
test pretty_and_compact_conflict ... ok
test version_includes_commit ... ok
test glob_no_match_errors ... ok
test list_violations_outputs_ids ... ok
test missing_input_shows_error_and_hint ... ok
test invalid_extension_is_rejected ... ok
test glob_single_match_is_used ... ok
test quiet_suppresses_ok_message ... ok
test strict_fails_when_violations_present ... ok
test pcap_info_rejects_invalid_extension ... ok
test follow_writes_report_in_two_iterations ... ok
test stdout_and_report_conflict ... ok
test glob_multiple_matches_errors ... ok
test follow_glob_errors_match_analyze_semantics ... ok
test help_supports_analyse_and_analyze ... ok
test follow_rotation_truncation_triggers_reanalysis ... ok
test follow_missing_file_recovers_after_recreate ... ok
test follow_transient_errors_retry_without_change ... ok

test result: ok. 22 passed; 0 failed; 0 ignored; 0 measured; 0 filtered out; finished in 10.04s

     Running unittests src\lib.rs (target\debug\deps\liveshark_core-81230a81926662f5.exe)

running 73 tests
test analysis::dmx::tests::stateful_reconstruction_retains_last_known_values_artnet ... ok
test analysis::dmx::tests::state_isolated_by_universe_and_protocol ... ok
test analysis::dmx::tests::stateful_reconstruction_retains_last_known_values_sacn ... ok
test analysis::flows::tests::flow_jitter_missing_timestamps_is_none ... ok
test analysis::flows::tests::flow_jitter_is_average_of_iat_diffs ... ok
test analysis::flows::tests::flow_max_iat_ms_is_reported ... ok
test analysis::flows::tests::flow_peak_1s_metrics_are_reported ... ok
test analysis::flows::tests::summaries_are_sorted_and_no_duration_means_none_rates ... ok
test analysis::flows::tests::summaries_compute_average_rates_from_active_interval ... ok
test analysis::tests::compliance_aggregates_by_protocol_and_id ... ok
test analysis::tests::compliance_examples_are_deduplicated_and_capped ... ok
test analysis::udp::parser::tests::parse_non_udp ... ok
test analysis::udp::parser::tests::parse_slice_error ... ok
test analysis::dmx::tests::stores_frames_by_universe_and_source ... ok
test analysis::udp::parser::tests::parse_udp_ok ... ok
test analysis::udp::reader::tests::payload_without_header_ok ... ok
test analysis::tests::compliance_entries_are_sorted_by_protocol_and_id ... ok
test analysis::universes::tests::artnet_without_sequence_omits_loss_and_bursts ... ok
test analysis::universes::tests::conflict_requires_overlap_over_one_second ... ok
test analysis::universes::tests::conflicts_are_sorted_by_universe_then_sources ... ok
test analysis::universes::tests::fps_uses_last_five_seconds ... ok
test analysis::universes::tests::jitter_uses_sliding_window ... ok
test analysis::universes::tests::loss_rate_uses_sequence_tracked_frames ... ok
test analysis::udp::reader::tests::payload_without_header_too_short ... ok
test analysis::universes::tests::loss_uses_windowed_samples ... ok
test analysis::universes::tests::sacn_dup_packets_are_counted ... ok
test analysis::universes::tests::sacn_reordered_packets_are_counted ... ok
test analysis::universes::tests::sacn_wraparound_is_not_reordered ... ok
test analysis::universes::tests::universe_sources_are_sorted_by_source_id ... ok
test analysis::universes::tests::universe_summaries_are_sorted_by_universe ... ok
test analysis::universes::tests::universe_summary_without_timestamps_has_no_metrics ... ok
test protocols::artnet::parser::tests::parse_invalid_length ... ok
test protocols::artnet::parser::tests::parse_invalid_universe_id ... ok
test protocols::artnet::parser::tests::parse_non_artnet ... ok
test protocols::artnet::parser::tests::parse_short_payload ... ok
test protocols::artnet::parser::tests::parse_unsupported_opcode ... ok
test protocols::artnet::parser::tests::parse_valid_artdmx ... ok
test protocols::artnet::reader::tests::read_dmx_length_accepts_max ... ok
test protocols::artnet::reader::tests::read_dmx_length_accepts_valid_range ... ok
test protocols::artnet::reader::tests::read_dmx_length_rejects_odd_length ... ok
test protocols::artnet::reader::tests::read_dmx_length_rejects_odd_max_minus_one ... ok
test protocols::artnet::reader::tests::read_dmx_length_rejects_one ... ok
test protocols::artnet::reader::tests::read_dmx_length_rejects_too_large ... ok
test protocols::artnet::reader::tests::read_dmx_length_rejects_zero ... ok
test protocols::artnet::reader::tests::read_optional_nonzero_u8 ... ok
test protocols::artnet::reader::tests::read_optional_nonzero_u8_too_short ... ok
test protocols::artnet::reader::tests::read_universe_id_rejects_out_of_range ... ok
test protocols::common::reader::tests::optional_nonzero_u8_zero ... ok
test protocols::sacn::parser::tests::parse_invalid_acn_pid ... ok
test protocols::sacn::parser::tests::parse_invalid_dmp_vector ... ok
test protocols::common::reader::tests::optional_nonzero_u8_value ... ok
test protocols::sacn::parser::tests::parse_invalid_framing_vector ... ok
test protocols::sacn::parser::tests::parse_invalid_property_value_count ... ok
test protocols::sacn::parser::tests::parse_invalid_start_code ... ok
test protocols::sacn::parser::tests::parse_invalid_root_vector ... ok
test protocols::sacn::parser::tests::parse_property_value_count_too_large ... ok
test protocols::sacn::parser::tests::parse_short_payload ... ok
test protocols::sacn::parser::tests::parse_non_sacn ... ok
test protocols::sacn::parser::tests::parse_valid_sacn ... ok
test protocols::sacn::reader::tests::read_dmx_data_len_rejects_too_large_property_count ... ok
test protocols::sacn::reader::tests::read_dmx_data_len_uses_property_value_count ... ok
test protocols::sacn::reader::tests::read_optional_ascii_string_too_short ... ok
test protocols::sacn::reader::tests::read_dmx_data_len_rejects_zero_property_count ... ok
test protocols::sacn::reader::tests::read_optional_ascii_string ... ok
test protocols::sacn::reader::tests::read_start_code_rejects_nonzero ... ok
test protocols::sacn::reader::tests::read_start_code_too_short ... ok
test source::pcap::reader::tests::detect_pcapng_magic ... ok
test protocols::sacn::reader::tests::read_start_code_accepts_zero ... ok
test source::pcap::reader::tests::linktype_defaults_to_ethernet_when_missing ... ok
test source::pcap::reader::tests::pcapng_ts_to_seconds_converts_microseconds ... ok
test source::pcap::reader::tests::read_magic_rewinds ... ok
test source::pcap::reader::tests::read_magic_too_short ... ok
test tests::report_omits_optional_fields_when_none ... ok

test result: ok. 73 passed; 0 failed; 0 ignored; 0 measured; 0 filtered out; finished in 0.01s

     Running unittests src\bin\pcapng_fixtures.rs (target\debug\deps\pcapng_fixtures-58e8ae426c1eda8e.exe)

running 0 tests

test result: ok. 0 passed; 0 failed; 0 ignored; 0 measured; 0 filtered out; finished in 0.00s

     Running unittests src\bin\regenerate_golden.rs (target\debug\deps\regenerate_golden-1d4e7c6465b65d4c.exe)

running 0 tests

test result: ok. 0 passed; 0 failed; 0 ignored; 0 measured; 0 filtered out; finished in 0.00s

     Running tests\golden.rs (target\debug\deps\golden-cb9e5b6b0ed45634.exe)

running 18 tests
test golden_artnet_burst_has_burst_metrics ... ok
test golden_artnet_gap_has_gap_metrics ... ok
test golden_sacn_burst_has_burst_metrics ... ok
test golden_artnet ... ok
test golden_artnet_burst ... ok
test golden_artnet_invalid_length ... ok
test golden_artnet_conflict ... ok
test golden_artnet_gap ... ok
test golden_flow_peak_and_maxgap ... ok
test golden_sacn_dup_reorder_has_metrics ... ok
test golden_sacn_gap_has_gap_metrics ... ok
test golden_sacn ... ok
test golden_sacn_conflict ... ok
test golden_sacn_invalid_start_code ... ok
test golden_sacn_burst ... ok
test golden_flow_only ... ok
test golden_sacn_gap ... ok
test golden_sacn_dup_reorder ... ok

test result: ok. 18 passed; 0 failed; 0 ignored; 0 measured; 0 filtered out; finished in 0.00s

     Running tests\pcap_source.rs (target\debug\deps\pcap_source-b66ba382f416f9a6.exe)

running 2 tests
test pcap_source_rejects_truncated_file ... ok
test pcap_source_reads_packets_from_fixture ... ok

test result: ok. 2 passed; 0 failed; 0 ignored; 0 measured; 0 filtered out; finished in 0.00s

   Doc-tests liveshark_core

running 19 tests
test crates\liveshark-core\src\analysis\mod.rs - analysis::analyze_pcap_file (line 70) - compile ... ok
test crates\liveshark-core\src\lib.rs - (line 21) - compile ... ok
test crates\liveshark-core\src\analysis\mod.rs - analysis::analyze_source (line 90) - compile ... ok
test crates\liveshark-core\src\source\pcap\parser.rs - source::pcap::parser::PcapFileSource (line 19) - compile ... ok
test crates\liveshark-core\src\lib.rs - CaptureSummary (line 121) ... ok
test crates\liveshark-core\src\lib.rs - SourceSummary (line 212) ... ok
test crates\liveshark-core\src\lib.rs - ConflictSummary (line 288) ... ok
test crates\liveshark-core\src\source\mod.rs - source::PacketSource (line 41) ... ok
test crates\liveshark-core\src\lib.rs - InputInfo (line 101) ... ok
test crates\liveshark-core\src\lib.rs - FlowSummary (line 241) ... ok
test crates\liveshark-core\src\analysis\mod.rs - analysis::AnalysisError (line 47) ... ok
test crates\liveshark-core\src\lib.rs - UniverseSummary (line 146) ... ok
test crates\liveshark-core\src\lib.rs - ComplianceSummary (line 328) ... ok
test crates\liveshark-core\src\lib.rs - ToolInfo (line 81) ... ok
test crates\liveshark-core\src\lib.rs - Violation (line 357) ... ok
test crates\liveshark-core\src\source\mod.rs - source::SourceError (line 65) ... ok
test crates\liveshark-core\src\lib.rs - Report (line 47) ... ok
test crates\liveshark-core\src\lib.rs - make_stub_report (line 387) ... ok
test crates\liveshark-core\src\source\mod.rs - source::PacketEvent (line 17) ... ok

test result: ok. 19 passed; 0 failed; 0 ignored; 0 measured; 0 filtered out; finished in 1.00s

